// Jest Snapshot v1, https://goo.gl/fbAQLP

exports[`App component renders App 1`] = `
<DocumentFragment>
  <label
    for="search"
  >
    Search here!
  </label>
  <input
    id="search"
    name="search"
    type="search"
    value=""
  />
  <button
    data-testid="dasbutton"
  >
    Push me!
  </button>
  <ul
    data-testid="articles"
  />
</DocumentFragment>
`;
